exports[`Icon should render correctly 1`] = `"<a class=\"slide-nav--left\" href=\"/link\"><i class=\"iconic iconic-sm iconic-left \"></i></a>"`;
